// Jest Snapshot v1, https://goo.gl/fbAQLP

exports[`Thumbnail renders 1`] = `
<Fragment>
  Some thumbnail
</Fragment>
`;
