// Jest Snapshot v1, https://goo.gl/fbAQLP

exports[`Photo renders 1`] = `
<Fragment>
  Some photo
</Fragment>
`;
